{"timestamp":"2026-07-27T16:28:25.065Z","level":"INFO","module":"EventListeners","message":"Registering domain event listeners..."}
{"timestamp":"2026-07-27T16:28:25.107Z","level":"INFO","module":"OutboxWorker","message":"Starting Outbox worker (adaptive polling)..."}
{"timestamp":"2026-07-27T16:28:25.112Z","level":"INFO","module":"NestFactory","message":"Starting Nest application..."}
{"timestamp":"2026-07-27T16:28:25.134Z","level":"INFO","module":"InstanceLoader","message":"HttpClientModule dependencies initialized"}
{"timestamp":"2026-07-27T16:28:25.134Z","level":"INFO","module":"InstanceLoader","message":"ConfigHostModule dependencies initialized"}
{"timestamp":"2026-07-27T16:28:25.135Z","level":"INFO","module":"InstanceLoader","message":"BlogModule dependencies initialized"}
{"timestamp":"2026-07-27T16:28:25.135Z","level":"INFO","module":"InstanceLoader","message":"ThrottlerModule dependencies initialized"}
{"timestamp":"2026-07-27T16:28:25.135Z","level":"INFO","module":"InstanceLoader","message":"HealthModule dependencies initialized"}
{"timestamp":"2026-07-27T16:28:25.135Z","level":"INFO","module":"InstanceLoader","message":"CommentsModule dependencies initialized"}
{"timestamp":"2026-07-27T16:28:25.137Z","level":"INFO","module":"InstanceLoader","message":"CustomerAuthModule dependencies initialized"}
{"timestamp":"2026-07-27T16:28:25.137Z","level":"INFO","module":"InstanceLoader","message":"CustomerWebhookModule dependencies initialized"}
{"timestamp":"2026-07-27T16:28:25.136Z","level":"INFO","module":"InstanceLoader","message":"QueuesModule dependencies initialized"}
{"timestamp":"2026-07-27T16:28:25.136Z","level":"INFO","module":"InstanceLoader","message":"HsCodeModule dependencies initialized"}
{"timestamp":"2026-07-27T16:28:25.137Z","level":"INFO","module":"InstanceLoader","message":"AuthModule dependencies initialized"}
{"timestamp":"2026-07-27T16:28:25.137Z","level":"INFO","module":"InstanceLoader","message":"CustomerOrderModule dependencies initialized"}
{"timestamp":"2026-07-27T16:28:25.137Z","level":"INFO","module":"InstanceLoader","message":"UsersModule dependencies initialized"}
{"timestamp":"2026-07-27T16:28:25.137Z","level":"INFO","module":"InstanceLoader","message":"AppModule dependencies initialized"}
{"timestamp":"2026-07-27T16:28:25.137Z","level":"INFO","module":"InstanceLoader","message":"ContactsModule dependencies initialized"}
{"timestamp":"2026-07-27T16:28:25.137Z","level":"INFO","module":"InstanceLoader","message":"SystemModule dependencies initialized"}
{"timestamp":"2026-07-27T16:28:25.137Z","level":"INFO","module":"InstanceLoader","message":"NotificationModule dependencies initialized"}
{"timestamp":"2026-07-27T16:28:25.138Z","level":"INFO","module":"InstanceLoader","message":"MediaModule dependencies initialized"}
{"timestamp":"2026-07-27T16:28:25.137Z","level":"INFO","module":"InstanceLoader","message":"ConfigModule dependencies initialized"}
{"timestamp":"2026-07-27T16:28:27.018Z","level":"INFO","module":"Redis","message":"Redis connected"}
{"timestamp":"2026-07-27T16:28:27.061Z","level":"WARN","module":"LegacyRouteConverter","message":"Unsupported route path: \"/api/*\". In previous versions, the symbols ?, *, and + were used to denote optional or repeating path parameters. The latest version of \"path-to-regexp\" now requires the use of named parameters. For example, instead of using a route like /users/* to capture all routes starting with \"/users\", you should use /users/*path. For more details, refer to the migration guide. Attempting to auto-convert..."}
{"timestamp":"2026-07-27T16:28:27.061Z","level":"WARN","module":"LegacyRouteConverter","message":"Unsupported route path: \"/api/*\". In previous versions, the symbols ?, *, and + were used to denote optional or repeating path parameters. The latest version of \"path-to-regexp\" now requires the use of named parameters. For example, instead of using a route like /users/* to capture all routes starting with \"/users\", you should use /users/*path. For more details, refer to the migration guide. Attempting to auto-convert..."}
{"timestamp":"2026-07-27T16:28:27.062Z","level":"INFO","module":"RoutesResolver","message":"AuthController {/api/auth} (version: 1):"}
{"timestamp":"2026-07-27T16:28:27.063Z","level":"INFO","module":"RouterExplorer","message":"Mapped {/api/auth/login, POST} (version: 1) route"}
{"timestamp":"2026-07-27T16:28:27.064Z","level":"INFO","module":"RouterExplorer","message":"Mapped {/api/auth/refresh, POST} (version: 1) route"}
{"timestamp":"2026-07-27T16:28:27.064Z","level":"INFO","module":"RoutesResolver","message":"BlogController {/api/blog} (version: 1):"}
{"timestamp":"2026-07-27T16:28:27.064Z","level":"INFO","module":"RouterExplorer","message":"Mapped {/api/blog/posts, GET} (version: 1) route"}
{"timestamp":"2026-07-27T16:28:27.064Z","level":"INFO","module":"RouterExplorer","message":"Mapped {/api/blog/posts/:slug, GET} (version: 1) route"}
{"timestamp":"2026-07-27T16:28:27.064Z","level":"INFO","module":"RouterExplorer","message":"Mapped {/api/blog/categories, GET} (version: 1) route"}
{"timestamp":"2026-07-27T16:28:27.064Z","level":"INFO","module":"RoutesResolver","message":"CommentsController {/api/comments} (version: 1):"}
{"timestamp":"2026-07-27T16:28:27.065Z","level":"INFO","module":"RouterExplorer","message":"Mapped {/api/comments, GET} (version: 1) route"}
{"timestamp":"2026-07-27T16:28:27.065Z","level":"INFO","module":"RouterExplorer","message":"Mapped {/api/comments/:id, GET} (version: 1) route"}
{"timestamp":"2026-07-27T16:28:27.065Z","level":"INFO","module":"RouterExplorer","message":"Mapped {/api/comments, POST} (version: 1) route"}
{"timestamp":"2026-07-27T16:28:27.065Z","level":"INFO","module":"RoutesResolver","message":"ContactsController {/api/contacts} (version: 1):"}
{"timestamp":"2026-07-27T16:28:27.065Z","level":"INFO","module":"RouterExplorer","message":"Mapped {/api/contacts, GET} (version: 1) route"}
{"timestamp":"2026-07-27T16:28:27.065Z","level":"INFO","module":"RouterExplorer","message":"Mapped {/api/contacts/:id, GET} (version: 1) route"}
{"timestamp":"2026-07-27T16:28:27.066Z","level":"INFO","module":"RouterExplorer","message":"Mapped {/api/contacts, POST} (version: 1) route"}
{"timestamp":"2026-07-27T16:28:27.066Z","level":"INFO","module":"RoutesResolver","message":"HealthController {/api/health} (version: 1):"}
{"timestamp":"2026-07-27T16:28:27.066Z","level":"INFO","module":"RouterExplorer","message":"Mapped {/api/health, GET} (version: 1) route"}
{"timestamp":"2026-07-27T16:28:27.066Z","level":"INFO","module":"RoutesResolver","message":"CustomerAuthController {/api/customer/auth} (version: 1):"}
{"timestamp":"2026-07-27T16:28:27.066Z","level":"INFO","module":"RouterExplorer","message":"Mapped {/api/customer/auth/me, GET} (version: 1) route"}
{"timestamp":"2026-07-27T16:28:27.066Z","level":"INFO","module":"RouterExplorer","message":"Mapped {/api/customer/auth/send-code, POST} (version: 1) route"}
{"timestamp":"2026-07-27T16:28:27.066Z","level":"INFO","module":"RouterExplorer","message":"Mapped {/api/customer/auth/register, POST} (version: 1) route"}
{"timestamp":"2026-07-27T16:28:27.066Z","level":"INFO","module":"RouterExplorer","message":"Mapped {/api/customer/auth/refresh, POST} (version: 1) route"}
{"timestamp":"2026-07-27T16:28:27.066Z","level":"INFO","module":"RouterExplorer","message":"Mapped {/api/customer/auth/login, POST} (version: 1) route"}
{"timestamp":"2026-07-27T16:28:27.066Z","level":"INFO","module":"RouterExplorer","message":"Mapped {/api/customer/auth/update-profile, POST} (version: 1) route"}
{"timestamp":"2026-07-27T16:28:27.066Z","level":"INFO","module":"RouterExplorer","message":"Mapped {/api/customer/auth/forgot-password, POST} (version: 1) route"}
{"timestamp":"2026-07-27T16:28:27.066Z","level":"INFO","module":"RouterExplorer","message":"Mapped {/api/customer/auth/reset-password, POST} (version: 1) route"}
{"timestamp":"2026-07-27T16:28:27.066Z","level":"INFO","module":"RouterExplorer","message":"Mapped {/api/customer/auth/change-password, POST} (version: 1) route"}
{"timestamp":"2026-07-27T16:28:27.067Z","level":"INFO","module":"RouterExplorer","message":"Mapped {/api/customer/auth/logout, POST} (version: 1) route"}
{"timestamp":"2026-07-27T16:28:27.067Z","level":"INFO","module":"RoutesResolver","message":"HsCodeController {/api/hscodes} (version: 1):"}
{"timestamp":"2026-07-27T16:28:27.067Z","level":"INFO","module":"RouterExplorer","message":"Mapped {/api/hscodes/tree, GET} (version: 1) route"}
{"timestamp":"2026-07-27T16:28:27.067Z","level":"INFO","module":"RouterExplorer","message":"Mapped {/api/hscodes/detail, GET} (version: 1) route"}
{"timestamp":"2026-07-27T16:28:27.067Z","level":"INFO","module":"RouterExplorer","message":"Mapped {/api/hscodes/heading-tree, GET} (version: 1) route"}
{"timestamp":"2026-07-27T16:28:27.067Z","level":"INFO","module":"RouterExplorer","message":"Mapped {/api/hscodes/search, GET} (version: 1) route"}
{"timestamp":"2026-07-27T16:28:27.067Z","level":"INFO","module":"RouterExplorer","message":"Mapped {/api/hscodes/calculate, POST} (version: 1) route"}
{"timestamp":"2026-07-27T16:28:27.067Z","level":"INFO","module":"RouterExplorer","message":"Mapped {/api/hscodes/transport-modes, GET} (version: 1) route"}
{"timestamp":"2026-07-27T16:28:27.067Z","level":"INFO","module":"RouterExplorer","message":"Mapped {/api/hscodes/countries, GET} (version: 1) route"}
{"timestamp":"2026-07-27T16:28:27.067Z","level":"INFO","module":"RoutesResolver","message":"MediaController {/api/media} (version: 1):"}
{"timestamp":"2026-07-27T16:28:27.067Z","level":"INFO","module":"RouterExplorer","message":"Mapped {/api/media/list, GET} (version: 1) route"}
{"timestamp":"2026-07-27T16:28:27.067Z","level":"INFO","module":"RouterExplorer","message":"Mapped {/api/media/folders, POST} (version: 1) route"}
{"timestamp":"2026-07-27T16:28:27.067Z","level":"INFO","module":"RouterExplorer","message":"Mapped {/api/media/files/upload, POST} (version: 1) route"}
{"timestamp":"2026-07-27T16:28:27.067Z","level":"INFO","module":"RouterExplorer","message":"Mapped {/api/media/files/download-url, POST} (version: 1) route"}
{"timestamp":"2026-07-27T16:28:27.068Z","level":"INFO","module":"RouterExplorer","message":"Mapped {/api/media/actions, POST} (version: 1) route"}
{"timestamp":"2026-07-27T16:28:27.068Z","level":"INFO","module":"RouterExplorer","message":"Mapped {/api/media/folders/tree, GET} (version: 1) route"}
{"timestamp":"2026-07-27T16:28:27.068Z","level":"INFO","module":"RouterExplorer","message":"Mapped {/api/media/options, GET} (version: 1) route"}
{"timestamp":"2026-07-27T16:28:27.068Z","level":"INFO","module":"RoutesResolver","message":"UsersController {/api/users} (version: 1):"}
{"timestamp":"2026-07-27T16:28:27.068Z","level":"INFO","module":"RouterExplorer","message":"Mapped {/api/users/me, GET} (version: 1) route"}
{"timestamp":"2026-07-27T16:28:27.068Z","level":"INFO","module":"RoutesResolver","message":"QueuesController {/api/queues} (version: 1):"}
{"timestamp":"2026-07-27T16:28:27.068Z","level":"INFO","module":"RouterExplorer","message":"Mapped {/api/queues/sso, GET} (version: 1) route"}
{"timestamp":"2026-07-27T16:28:27.068Z","level":"INFO","module":"RouterExplorer","message":"Mapped {/api/system/database/execute, POST} (version: 1) route"}
{"timestamp":"2026-07-27T16:28:27.068Z","level":"INFO","module":"RoutesResolver","message":"DatabaseMaintenanceController {/api/system} (version: 1):"}
{"timestamp":"2026-07-27T16:28:27.068Z","level":"INFO","module":"RouterExplorer","message":"Mapped {/api/system/logs/execute, POST} (version: 1) route"}
{"timestamp":"2026-07-27T16:28:27.068Z","level":"INFO","module":"RouterExplorer","message":"Mapped {/api/system/logs/download/:filename, GET} (version: 1) route"}
{"timestamp":"2026-07-27T16:28:27.068Z","level":"INFO","module":"RouterExplorer","message":"Mapped {/api/system/process/action, POST} (version: 1) route"}
{"timestamp":"2026-07-27T16:28:27.068Z","level":"INFO","module":"RouterExplorer","message":"Mapped {/api/system/process/status, POST} (version: 1) route"}
{"timestamp":"2026-07-27T16:28:27.068Z","level":"INFO","module":"RouterExplorer","message":"Mapped {/api/system/network/ping, POST} (version: 1) route"}
{"timestamp":"2026-07-27T16:28:27.069Z","level":"INFO","module":"RouterExplorer","message":"Mapped {/api/system/redis/query, POST} (version: 1) route"}
{"timestamp":"2026-07-27T16:28:27.069Z","level":"INFO","module":"RouterExplorer","message":"Mapped {/api/system/logger/level, GET} (version: 1) route"}
{"timestamp":"2026-07-27T16:28:27.069Z","level":"INFO","module":"RouterExplorer","message":"Mapped {/api/system/logger/level, POST} (version: 1) route"}
{"timestamp":"2026-07-27T16:28:27.069Z","level":"INFO","module":"RouterExplorer","message":"Mapped {/api/system/database/stats, POST} (version: 1) route"}
{"timestamp":"2026-07-27T16:28:27.069Z","level":"INFO","module":"RouterExplorer","message":"Mapped {/api/system/redis/stats, POST} (version: 1) route"}
{"timestamp":"2026-07-27T16:28:27.069Z","level":"INFO","module":"RouterExplorer","message":"Mapped {/api/customer/orders/estimate-freight, POST} (version: 1) route"}
{"timestamp":"2026-07-27T16:28:27.069Z","level":"INFO","module":"RoutesResolver","message":"CustomerOrderController {/api/customer/orders} (version: 1):"}
{"timestamp":"2026-07-27T16:28:27.069Z","level":"INFO","module":"RouterExplorer","message":"Mapped {/api/customer/orders, POST} (version: 1) route"}
{"timestamp":"2026-07-27T16:28:27.069Z","level":"INFO","module":"RouterExplorer","message":"Mapped {/api/customer/orders, GET} (version: 1) route"}
{"timestamp":"2026-07-27T16:28:27.069Z","level":"INFO","module":"RouterExplorer","message":"Mapped {/api/customer/orders/:id, GET} (version: 1) route"}
{"timestamp":"2026-07-27T16:28:27.069Z","level":"INFO","module":"RouterExplorer","message":"Mapped {/api/customer/orders/:id/cancel, POST} (version: 1) route"}
{"timestamp":"2026-07-27T16:28:27.069Z","level":"INFO","module":"RoutesResolver","message":"CustomerWebhookController {/api/customer/webhooks} (version: 1):"}
{"timestamp":"2026-07-27T16:28:27.069Z","level":"INFO","module":"RouterExplorer","message":"Mapped {/api/customer/webhooks, POST} (version: 1) route"}
{"timestamp":"2026-07-27T16:28:27.069Z","level":"INFO","module":"RouterExplorer","message":"Mapped {/api/customer/webhooks, GET} (version: 1) route"}
{"timestamp":"2026-07-27T16:28:27.070Z","level":"INFO","module":"RouterExplorer","message":"Mapped {/api/customer/webhooks/:id, DELETE} (version: 1) route"}
{"timestamp":"2026-07-27T16:28:27.070Z","level":"INFO","module":"RoutesResolver","message":"NotificationController {/api/notifications} (version: 1):"}
{"timestamp":"2026-07-27T16:28:27.070Z","level":"INFO","module":"RouterExplorer","message":"Mapped {/api/notifications/tokens, POST} (version: 1) route"}
{"timestamp":"2026-07-27T16:28:27.070Z","level":"INFO","module":"RouterExplorer","message":"Mapped {/api/notifications/tokens/:token, DELETE} (version: 1) route"}
{"timestamp":"2026-07-27T16:28:27.070Z","level":"INFO","module":"RouterExplorer","message":"Mapped {/api/notifications/preferences, GET} (version: 1) route"}
{"timestamp":"2026-07-27T16:28:27.070Z","level":"INFO","module":"RouterExplorer","message":"Mapped {/api/notifications, GET} (version: 1) route"}
{"timestamp":"2026-07-27T16:28:27.070Z","level":"INFO","module":"RouterExplorer","message":"Mapped {/api/notifications/preferences, PUT} (version: 1) route"}
{"timestamp":"2026-07-27T16:28:27.070Z","level":"INFO","module":"RouterExplorer","message":"Mapped {/api/notifications/read-all, PUT} (version: 1) route"}
{"timestamp":"2026-07-27T16:28:27.070Z","level":"INFO","module":"RouterExplorer","message":"Mapped {/api/notifications/:id/read, PUT} (version: 1) route"}
{"timestamp":"2026-07-27T16:28:27.069Z","level":"INFO","module":"RouterExplorer","message":"Mapped {/api/customer/orders/bulk, POST} (version: 1) route"}
{"timestamp":"2026-07-27T16:28:27.070Z","level":"INFO","module":"RouterExplorer","message":"Mapped {/api/notifications/:id, DELETE} (version: 1) route"}
{"timestamp":"2026-07-27T16:28:27.070Z","level":"INFO","module":"RouterExplorer","message":"Mapped {/api/notifications/:id/track, POST} (version: 1) route"}
{"timestamp":"2026-07-27T16:28:27.070Z","level":"INFO","module":"RoutesResolver","message":"NotificationWebhookController {/api/webhooks/notifications} (version: 1):"}
{"timestamp":"2026-07-27T16:28:27.070Z","level":"INFO","module":"RouterExplorer","message":"Mapped {/api/webhooks/notifications, POST} (version: 1) route"}
{"timestamp":"2026-07-27T16:28:27.070Z","level":"INFO","module":"RouterExplorer","message":"Mapped {/api/webhooks/notifications/unsubscribe, GET} (version: 1) route"}
{"timestamp":"2026-07-27T16:28:27.072Z","level":"INFO","module":"NestApplication","message":"Nest application successfully started"}
{"timestamp":"2026-07-27T16:28:27.077Z","level":"INFO","module":"JobQueue","message":"BullMQ Worker started for queue","queue":"email"}
{"timestamp":"2026-07-27T16:28:27.078Z","level":"INFO","module":"JobQueue","message":"BullMQ Worker started for queue","queue":"fallback-email"}
{"timestamp":"2026-07-27T16:28:27.078Z","level":"INFO","module":"JobQueue","message":"BullMQ Worker started for queue","queue":"cleanup"}
{"timestamp":"2026-07-27T16:28:27.081Z","level":"INFO","module":"JobQueue","message":"BullMQ Worker started for queue","queue":"scheduled-notifications"}
{"timestamp":"2026-07-27T16:28:27.095Z","level":"INFO","module":"JobQueue","message":"BullMQ Worker started for queue","queue":"webhook-delivery"}
{"timestamp":"2026-07-27T16:28:27.622Z","level":"WARN","module":"PushNotificationService","message":"FIREBASE_SERVICE_ACCOUNT_JSON is not configured. Push notifications will be logged to console instead."}
{"timestamp":"2026-07-27T16:28:27.638Z","level":"INFO","module":"ScheduledNotificationWorker","message":"Scheduled notifications repeatable job queued successfully"}
{"timestamp":"2026-07-27T16:28:36.759Z","level":"DEBUG","module":"AuthSessionCache","message":"[AuthCache] MISS","cacheKey":"[MASKED]"}
{"timestamp":"2026-07-27T16:28:36.759Z","level":"DEBUG","module":"AuthSessionCache","message":"[AuthCache] MISS","cacheKey":"[MASKED]"}
{"timestamp":"2026-07-27T16:28:40.114Z","level":"DEBUG","module":"AuthSessionCache","message":"[AuthCache] HIT","cacheKey":"[MASKED]"}
{"timestamp":"2026-07-27T16:28:51.158Z","level":"DEBUG","module":"AuthSessionCache","message":"[AuthCache] MISS","cacheKey":"[MASKED]"}
{"timestamp":"2026-07-27T16:28:51.387Z","level":"DEBUG","module":"PostQueries","traceId":"","userId":"0190a618-971c-7000-8000-000000000001","message":"Dynamic query specification built","queryArgs":{"where":{},"orderBy":[{"createdAt":"desc"}],"skip":0,"take":20}}
{"timestamp":"2026-07-27T16:28:55.062Z","level":"DEBUG","module":"AuthSessionCache","message":"[AuthCache] HIT","cacheKey":"[MASKED]"}
{"timestamp":"2026-07-27T16:28:56.753Z","level":"DEBUG","module":"AuthSessionCache","message":"[AuthCache] HIT","cacheKey":"[MASKED]"}
{"timestamp":"2026-07-27T16:28:56.992Z","level":"DEBUG","module":"AuthSessionCache","message":"[AuthCache] HIT","cacheKey":"[MASKED]"}
{"timestamp":"2026-07-27T16:29:38.498Z","level":"DEBUG","module":"AuthSessionCache","message":"[AuthCache] MISS","cacheKey":"[MASKED]"}
{"timestamp":"2026-07-27T16:31:10.652Z","level":"INFO","module":"Shutdown","message":"Received SIGINT, starting graceful shutdown..."}
{"timestamp":"2026-07-27T16:31:10.653Z","level":"INFO","module":"Shutdown","message":"Shutting down: HTTP Server..."}
{"timestamp":"2026-07-27T16:31:10.669Z","level":"INFO","module":"Shutdown","message":"Shutting down: Prisma..."}
{"timestamp":"2026-07-27T16:31:10.669Z","level":"INFO","module":"Shutdown","message":"HTTP Server shut down successfully"}
{"timestamp":"2026-07-27T16:31:10.671Z","level":"WARN","module":"Shutdown","message":"Shutdown already in progress, ignoring duplicate signal"}
{"timestamp":"2026-07-27T16:31:10.671Z","level":"WARN","module":"Shutdown","message":"Shutdown already in progress, ignoring duplicate signal"}
{"timestamp":"2026-07-27T16:31:10.683Z","level":"INFO","module":"Shutdown","message":"Prisma shut down successfully"}
{"timestamp":"2026-07-27T16:31:10.683Z","level":"INFO","module":"Shutdown","message":"Shutting down: Redis..."}
{"timestamp":"2026-07-27T16:31:10.693Z","level":"INFO","module":"Shutdown","message":"Redis shut down successfully"}
{"timestamp":"2026-07-27T16:31:10.693Z","level":"INFO","module":"Redis","message":"Redis disconnected"}
{"timestamp":"2026-07-27T16:31:10.693Z","level":"INFO","module":"Shutdown","message":"Shutting down: OutboxWorker..."}
{"timestamp":"2026-07-27T16:31:10.695Z","level":"INFO","module":"OutboxWorker","message":"Stopped Outbox worker."}
{"timestamp":"2026-07-27T16:31:10.695Z","level":"INFO","module":"Shutdown","message":"OutboxWorker shut down successfully"}
{"timestamp":"2026-07-27T16:31:10.695Z","level":"INFO","module":"Shutdown","message":"Shutting down: JobQueue..."}
{"timestamp":"2026-07-27T16:31:10.695Z","level":"INFO","module":"JobQueue","message":"Closing JobQueue..."}
{"timestamp":"2026-07-27T16:31:21.652Z","level":"INFO","module":"EventListeners","message":"Registering domain event listeners..."}
{"timestamp":"2026-07-27T16:31:21.696Z","level":"INFO","module":"OutboxWorker","message":"Starting Outbox worker (adaptive polling)..."}
{"timestamp":"2026-07-27T16:31:21.718Z","level":"INFO","module":"InstanceLoader","message":"ConfigHostModule dependencies initialized"}
{"timestamp":"2026-07-27T16:31:21.718Z","level":"INFO","module":"InstanceLoader","message":"ThrottlerModule dependencies initialized"}
{"timestamp":"2026-07-27T16:31:21.718Z","level":"INFO","module":"InstanceLoader","message":"CommentsModule dependencies initialized"}
{"timestamp":"2026-07-27T16:31:21.701Z","level":"INFO","module":"NestFactory","message":"Starting Nest application..."}
{"timestamp":"2026-07-27T16:31:21.717Z","level":"INFO","module":"InstanceLoader","message":"HttpClientModule dependencies initialized"}
{"timestamp":"2026-07-27T16:31:21.718Z","level":"INFO","module":"InstanceLoader","message":"BlogModule dependencies initialized"}
{"timestamp":"2026-07-27T16:31:21.719Z","level":"INFO","module":"InstanceLoader","message":"HsCodeModule dependencies initialized"}
{"timestamp":"2026-07-27T16:31:21.720Z","level":"INFO","module":"InstanceLoader","message":"CustomerAuthModule dependencies initialized"}
{"timestamp":"2026-07-27T16:31:21.719Z","level":"INFO","module":"InstanceLoader","message":"QueuesModule dependencies initialized"}
{"timestamp":"2026-07-27T16:31:21.719Z","level":"INFO","module":"InstanceLoader","message":"HealthModule dependencies initialized"}
{"timestamp":"2026-07-27T16:31:21.720Z","level":"INFO","module":"InstanceLoader","message":"CustomerOrderModule dependencies initialized"}
{"timestamp":"2026-07-27T16:31:21.721Z","level":"INFO","module":"InstanceLoader","message":"AuthModule dependencies initialized"}
{"timestamp":"2026-07-27T16:31:21.720Z","level":"INFO","module":"InstanceLoader","message":"UsersModule dependencies initialized"}
{"timestamp":"2026-07-27T16:31:21.721Z","level":"INFO","module":"InstanceLoader","message":"ConfigModule dependencies initialized"}
{"timestamp":"2026-07-27T16:31:21.721Z","level":"INFO","module":"InstanceLoader","message":"ContactsModule dependencies initialized"}
{"timestamp":"2026-07-27T16:31:21.721Z","level":"INFO","module":"InstanceLoader","message":"SystemModule dependencies initialized"}
{"timestamp":"2026-07-27T16:31:21.721Z","level":"INFO","module":"InstanceLoader","message":"NotificationModule dependencies initialized"}
{"timestamp":"2026-07-27T16:31:21.721Z","level":"INFO","module":"InstanceLoader","message":"MediaModule dependencies initialized"}
{"timestamp":"2026-07-27T16:31:21.721Z","level":"INFO","module":"InstanceLoader","message":"CustomerWebhookModule dependencies initialized"}
{"timestamp":"2026-07-27T16:31:21.721Z","level":"INFO","module":"InstanceLoader","message":"AppModule dependencies initialized"}
{"timestamp":"2026-07-27T16:31:22.961Z","level":"WARN","module":"LegacyRouteConverter","message":"Unsupported route path: \"/api/*\". In previous versions, the symbols ?, *, and + were used to denote optional or repeating path parameters. The latest version of \"path-to-regexp\" now requires the use of named parameters. For example, instead of using a route like /users/* to capture all routes starting with \"/users\", you should use /users/*path. For more details, refer to the migration guide. Attempting to auto-convert..."}
{"timestamp":"2026-07-27T16:31:22.961Z","level":"WARN","module":"LegacyRouteConverter","message":"Unsupported route path: \"/api/*\". In previous versions, the symbols ?, *, and + were used to denote optional or repeating path parameters. The latest version of \"path-to-regexp\" now requires the use of named parameters. For example, instead of using a route like /users/* to capture all routes starting with \"/users\", you should use /users/*path. For more details, refer to the migration guide. Attempting to auto-convert..."}
{"timestamp":"2026-07-27T16:31:22.961Z","level":"INFO","module":"RoutesResolver","message":"AuthController {/api/auth} (version: 1):"}
{"timestamp":"2026-07-27T16:31:22.963Z","level":"INFO","module":"RouterExplorer","message":"Mapped {/api/auth/login, POST} (version: 1) route"}
{"timestamp":"2026-07-27T16:31:22.963Z","level":"INFO","module":"RouterExplorer","message":"Mapped {/api/auth/refresh, POST} (version: 1) route"}
{"timestamp":"2026-07-27T16:31:22.963Z","level":"INFO","module":"RoutesResolver","message":"BlogController {/api/blog} (version: 1):"}
{"timestamp":"2026-07-27T16:31:22.963Z","level":"INFO","module":"RouterExplorer","message":"Mapped {/api/blog/posts, GET} (version: 1) route"}
{"timestamp":"2026-07-27T16:31:22.963Z","level":"INFO","module":"RouterExplorer","message":"Mapped {/api/blog/posts/:slug, GET} (version: 1) route"}
{"timestamp":"2026-07-27T16:31:22.963Z","level":"INFO","module":"RouterExplorer","message":"Mapped {/api/blog/categories, GET} (version: 1) route"}
{"timestamp":"2026-07-27T16:31:22.963Z","level":"INFO","module":"RoutesResolver","message":"CommentsController {/api/comments} (version: 1):"}
{"timestamp":"2026-07-27T16:31:22.964Z","level":"INFO","module":"RouterExplorer","message":"Mapped {/api/comments, GET} (version: 1) route"}
{"timestamp":"2026-07-27T16:31:22.964Z","level":"INFO","module":"RouterExplorer","message":"Mapped {/api/comments/:id, GET} (version: 1) route"}
{"timestamp":"2026-07-27T16:31:22.964Z","level":"INFO","module":"RouterExplorer","message":"Mapped {/api/comments, POST} (version: 1) route"}
{"timestamp":"2026-07-27T16:31:22.964Z","level":"INFO","module":"RoutesResolver","message":"ContactsController {/api/contacts} (version: 1):"}
{"timestamp":"2026-07-27T16:31:22.964Z","level":"INFO","module":"RouterExplorer","message":"Mapped {/api/contacts, GET} (version: 1) route"}
{"timestamp":"2026-07-27T16:31:22.964Z","level":"INFO","module":"RouterExplorer","message":"Mapped {/api/contacts/:id, GET} (version: 1) route"}
{"timestamp":"2026-07-27T16:31:22.964Z","level":"INFO","module":"RouterExplorer","message":"Mapped {/api/contacts, POST} (version: 1) route"}
{"timestamp":"2026-07-27T16:31:22.965Z","level":"INFO","module":"RoutesResolver","message":"HealthController {/api/health} (version: 1):"}
{"timestamp":"2026-07-27T16:31:22.965Z","level":"INFO","module":"RouterExplorer","message":"Mapped {/api/health, GET} (version: 1) route"}
{"timestamp":"2026-07-27T16:31:22.965Z","level":"INFO","module":"RoutesResolver","message":"CustomerAuthController {/api/customer/auth} (version: 1):"}
{"timestamp":"2026-07-27T16:31:22.965Z","level":"INFO","module":"RouterExplorer","message":"Mapped {/api/customer/auth/send-code, POST} (version: 1) route"}
{"timestamp":"2026-07-27T16:31:22.965Z","level":"INFO","module":"RouterExplorer","message":"Mapped {/api/customer/auth/me, GET} (version: 1) route"}
{"timestamp":"2026-07-27T16:31:22.965Z","level":"INFO","module":"RouterExplorer","message":"Mapped {/api/customer/auth/register, POST} (version: 1) route"}
{"timestamp":"2026-07-27T16:31:22.965Z","level":"INFO","module":"RouterExplorer","message":"Mapped {/api/customer/auth/login, POST} (version: 1) route"}
{"timestamp":"2026-07-27T16:31:22.965Z","level":"INFO","module":"RouterExplorer","message":"Mapped {/api/customer/auth/refresh, POST} (version: 1) route"}
{"timestamp":"2026-07-27T16:31:22.965Z","level":"INFO","module":"RouterExplorer","message":"Mapped {/api/customer/auth/update-profile, POST} (version: 1) route"}
{"timestamp":"2026-07-27T16:31:22.965Z","level":"INFO","module":"RouterExplorer","message":"Mapped {/api/customer/auth/forgot-password, POST} (version: 1) route"}
{"timestamp":"2026-07-27T16:31:22.965Z","level":"INFO","module":"RouterExplorer","message":"Mapped {/api/customer/auth/reset-password, POST} (version: 1) route"}
{"timestamp":"2026-07-27T16:31:22.965Z","level":"INFO","module":"RouterExplorer","message":"Mapped {/api/customer/auth/change-password, POST} (version: 1) route"}
{"timestamp":"2026-07-27T16:31:22.966Z","level":"INFO","module":"RouterExplorer","message":"Mapped {/api/customer/auth/logout, POST} (version: 1) route"}
{"timestamp":"2026-07-27T16:31:22.966Z","level":"INFO","module":"RoutesResolver","message":"HsCodeController {/api/hscodes} (version: 1):"}
{"timestamp":"2026-07-27T16:31:22.966Z","level":"INFO","module":"RouterExplorer","message":"Mapped {/api/hscodes/tree, GET} (version: 1) route"}
{"timestamp":"2026-07-27T16:31:22.966Z","level":"INFO","module":"RouterExplorer","message":"Mapped {/api/hscodes/search, GET} (version: 1) route"}
{"timestamp":"2026-07-27T16:31:22.966Z","level":"INFO","module":"RouterExplorer","message":"Mapped {/api/hscodes/detail, GET} (version: 1) route"}
{"timestamp":"2026-07-27T16:31:22.966Z","level":"INFO","module":"RouterExplorer","message":"Mapped {/api/hscodes/heading-tree, GET} (version: 1) route"}
{"timestamp":"2026-07-27T16:31:22.966Z","level":"INFO","module":"RouterExplorer","message":"Mapped {/api/hscodes/calculate, POST} (version: 1) route"}
{"timestamp":"2026-07-27T16:31:22.966Z","level":"INFO","module":"RouterExplorer","message":"Mapped {/api/hscodes/countries, GET} (version: 1) route"}
{"timestamp":"2026-07-27T16:31:22.966Z","level":"INFO","module":"RouterExplorer","message":"Mapped {/api/hscodes/transport-modes, GET} (version: 1) route"}
{"timestamp":"2026-07-27T16:31:22.967Z","level":"INFO","module":"RouterExplorer","message":"Mapped {/api/media/list, GET} (version: 1) route"}
{"timestamp":"2026-07-27T16:31:22.966Z","level":"INFO","module":"RoutesResolver","message":"MediaController {/api/media} (version: 1):"}
{"timestamp":"2026-07-27T16:31:22.967Z","level":"INFO","module":"RouterExplorer","message":"Mapped {/api/media/folders, POST} (version: 1) route"}
{"timestamp":"2026-07-27T16:31:22.967Z","level":"INFO","module":"RouterExplorer","message":"Mapped {/api/media/files/upload, POST} (version: 1) route"}
{"timestamp":"2026-07-27T16:31:22.967Z","level":"INFO","module":"RouterExplorer","message":"Mapped {/api/media/files/download-url, POST} (version: 1) route"}
{"timestamp":"2026-07-27T16:31:22.967Z","level":"INFO","module":"RouterExplorer","message":"Mapped {/api/media/actions, POST} (version: 1) route"}
{"timestamp":"2026-07-27T16:31:22.967Z","level":"INFO","module":"RouterExplorer","message":"Mapped {/api/media/folders/tree, GET} (version: 1) route"}
{"timestamp":"2026-07-27T16:31:22.967Z","level":"INFO","module":"RouterExplorer","message":"Mapped {/api/media/options, GET} (version: 1) route"}
{"timestamp":"2026-07-27T16:31:22.967Z","level":"INFO","module":"RoutesResolver","message":"UsersController {/api/users} (version: 1):"}
{"timestamp":"2026-07-27T16:31:22.967Z","level":"INFO","module":"RouterExplorer","message":"Mapped {/api/users/me, GET} (version: 1) route"}
{"timestamp":"2026-07-27T16:31:22.968Z","level":"INFO","module":"RoutesResolver","message":"QueuesController {/api/queues} (version: 1):"}
{"timestamp":"2026-07-27T16:31:22.968Z","level":"INFO","module":"RouterExplorer","message":"Mapped {/api/queues/sso, GET} (version: 1) route"}
{"timestamp":"2026-07-27T16:31:22.968Z","level":"INFO","module":"RoutesResolver","message":"DatabaseMaintenanceController {/api/system} (version: 1):"}
{"timestamp":"2026-07-27T16:31:22.968Z","level":"INFO","module":"RouterExplorer","message":"Mapped {/api/system/database/execute, POST} (version: 1) route"}
{"timestamp":"2026-07-27T16:31:22.968Z","level":"INFO","module":"RouterExplorer","message":"Mapped {/api/system/logs/execute, POST} (version: 1) route"}
{"timestamp":"2026-07-27T16:31:22.968Z","level":"INFO","module":"RouterExplorer","message":"Mapped {/api/system/logs/download/:filename, GET} (version: 1) route"}
{"timestamp":"2026-07-27T16:31:22.968Z","level":"INFO","module":"RouterExplorer","message":"Mapped {/api/system/process/status, POST} (version: 1) route"}
{"timestamp":"2026-07-27T16:31:22.968Z","level":"INFO","module":"RouterExplorer","message":"Mapped {/api/system/process/action, POST} (version: 1) route"}
{"timestamp":"2026-07-27T16:31:22.968Z","level":"INFO","module":"RouterExplorer","message":"Mapped {/api/system/network/ping, POST} (version: 1) route"}
{"timestamp":"2026-07-27T16:31:22.968Z","level":"INFO","module":"RouterExplorer","message":"Mapped {/api/system/redis/query, POST} (version: 1) route"}
{"timestamp":"2026-07-27T16:31:22.968Z","level":"INFO","module":"RouterExplorer","message":"Mapped {/api/system/logger/level, GET} (version: 1) route"}
{"timestamp":"2026-07-27T16:31:22.969Z","level":"INFO","module":"RouterExplorer","message":"Mapped {/api/system/logger/level, POST} (version: 1) route"}
{"timestamp":"2026-07-27T16:31:22.969Z","level":"INFO","module":"RouterExplorer","message":"Mapped {/api/system/database/stats, POST} (version: 1) route"}
{"timestamp":"2026-07-27T16:31:22.969Z","level":"INFO","module":"RouterExplorer","message":"Mapped {/api/system/redis/stats, POST} (version: 1) route"}
{"timestamp":"2026-07-27T16:31:22.969Z","level":"INFO","module":"RoutesResolver","message":"CustomerOrderController {/api/customer/orders} (version: 1):"}
{"timestamp":"2026-07-27T16:31:22.969Z","level":"INFO","module":"RouterExplorer","message":"Mapped {/api/customer/orders/estimate-freight, POST} (version: 1) route"}
{"timestamp":"2026-07-27T16:31:22.969Z","level":"INFO","module":"RouterExplorer","message":"Mapped {/api/customer/orders, POST} (version: 1) route"}
{"timestamp":"2026-07-27T16:31:22.969Z","level":"INFO","module":"RouterExplorer","message":"Mapped {/api/customer/orders/bulk, POST} (version: 1) route"}
{"timestamp":"2026-07-27T16:31:22.969Z","level":"INFO","module":"RouterExplorer","message":"Mapped {/api/customer/orders, GET} (version: 1) route"}
{"timestamp":"2026-07-27T16:31:22.969Z","level":"INFO","module":"RouterExplorer","message":"Mapped {/api/customer/orders/:id, GET} (version: 1) route"}
{"timestamp":"2026-07-27T16:31:22.969Z","level":"INFO","module":"RouterExplorer","message":"Mapped {/api/customer/orders/:id/cancel, POST} (version: 1) route"}
{"timestamp":"2026-07-27T16:31:22.969Z","level":"INFO","module":"RoutesResolver","message":"CustomerWebhookController {/api/customer/webhooks} (version: 1):"}
{"timestamp":"2026-07-27T16:31:22.969Z","level":"INFO","module":"RouterExplorer","message":"Mapped {/api/customer/webhooks, POST} (version: 1) route"}
{"timestamp":"2026-07-27T16:31:22.969Z","level":"INFO","module":"RouterExplorer","message":"Mapped {/api/customer/webhooks, GET} (version: 1) route"}
{"timestamp":"2026-07-27T16:31:22.970Z","level":"INFO","module":"RouterExplorer","message":"Mapped {/api/customer/webhooks/:id, DELETE} (version: 1) route"}
{"timestamp":"2026-07-27T16:31:22.970Z","level":"INFO","module":"RoutesResolver","message":"NotificationController {/api/notifications} (version: 1):"}
{"timestamp":"2026-07-27T16:31:22.970Z","level":"INFO","module":"RouterExplorer","message":"Mapped {/api/notifications/tokens, POST} (version: 1) route"}
{"timestamp":"2026-07-27T16:31:22.970Z","level":"INFO","module":"RouterExplorer","message":"Mapped {/api/notifications/tokens/:token, DELETE} (version: 1) route"}
{"timestamp":"2026-07-27T16:31:22.970Z","level":"INFO","module":"RouterExplorer","message":"Mapped {/api/notifications/preferences, GET} (version: 1) route"}
{"timestamp":"2026-07-27T16:31:22.970Z","level":"INFO","module":"RouterExplorer","message":"Mapped {/api/notifications/preferences, PUT} (version: 1) route"}
{"timestamp":"2026-07-27T16:31:22.970Z","level":"INFO","module":"RouterExplorer","message":"Mapped {/api/notifications, GET} (version: 1) route"}
{"timestamp":"2026-07-27T16:31:22.970Z","level":"INFO","module":"RouterExplorer","message":"Mapped {/api/notifications/read-all, PUT} (version: 1) route"}
{"timestamp":"2026-07-27T16:31:22.970Z","level":"INFO","module":"RouterExplorer","message":"Mapped {/api/notifications/:id/read, PUT} (version: 1) route"}
{"timestamp":"2026-07-27T16:31:22.970Z","level":"INFO","module":"RouterExplorer","message":"Mapped {/api/notifications/:id, DELETE} (version: 1) route"}
{"timestamp":"2026-07-27T16:31:22.970Z","level":"INFO","module":"RouterExplorer","message":"Mapped {/api/notifications/:id/track, POST} (version: 1) route"}
{"timestamp":"2026-07-27T16:31:22.970Z","level":"INFO","module":"RoutesResolver","message":"NotificationWebhookController {/api/webhooks/notifications} (version: 1):"}
{"timestamp":"2026-07-27T16:31:22.970Z","level":"INFO","module":"RouterExplorer","message":"Mapped {/api/webhooks/notifications, POST} (version: 1) route"}
{"timestamp":"2026-07-27T16:31:22.971Z","level":"INFO","module":"RouterExplorer","message":"Mapped {/api/webhooks/notifications/unsubscribe, GET} (version: 1) route"}
{"timestamp":"2026-07-27T16:31:22.972Z","level":"INFO","module":"NestApplication","message":"Nest application successfully started"}
{"timestamp":"2026-07-27T16:31:22.979Z","level":"INFO","module":"JobQueue","message":"BullMQ Worker started for queue","queue":"email"}
{"timestamp":"2026-07-27T16:31:22.980Z","level":"INFO","module":"JobQueue","message":"BullMQ Worker started for queue","queue":"cleanup"}
{"timestamp":"2026-07-27T16:31:22.979Z","level":"INFO","module":"JobQueue","message":"BullMQ Worker started for queue","queue":"fallback-email"}
{"timestamp":"2026-07-27T16:31:22.982Z","level":"INFO","module":"JobQueue","message":"BullMQ Worker started for queue","queue":"scheduled-notifications"}
{"timestamp":"2026-07-27T16:31:22.989Z","level":"INFO","module":"Redis","message":"Redis connected"}
{"timestamp":"2026-07-27T16:31:22.993Z","level":"INFO","module":"JobQueue","message":"BullMQ Worker started for queue","queue":"webhook-delivery"}
{"timestamp":"2026-07-27T16:31:23.225Z","level":"INFO","module":"ScheduledNotificationWorker","message":"Scheduled notifications repeatable job queued successfully"}
{"timestamp":"2026-07-27T16:31:23.333Z","level":"DEBUG","module":"AuthSessionCache","message":"[AuthCache] MISS","cacheKey":"[MASKED]"}
{"timestamp":"2026-07-27T16:31:28.024Z","level":"DEBUG","module":"AuthSessionCache","message":"[AuthCache] HIT","cacheKey":"[MASKED]"}
{"timestamp":"2026-07-27T16:31:29.190Z","level":"DEBUG","module":"AuthSessionCache","message":"[AuthCache] MISS","cacheKey":"[MASKED]"}
{"timestamp":"2026-07-27T16:31:29.215Z","level":"WARN","module":"PushNotificationService","traceId":"","userId":"0190a618-971c-7000-8000-000000000001","message":"FIREBASE_SERVICE_ACCOUNT_JSON is not configured. Push notifications will be logged to console instead."}
{"timestamp":"2026-07-27T16:31:30.549Z","level":"DEBUG","module":"AuthSessionCache","message":"[AuthCache] HIT","cacheKey":"[MASKED]"}
{"timestamp":"2026-07-27T16:31:30.724Z","level":"DEBUG","module":"AuthSessionCache","message":"[AuthCache] HIT","cacheKey":"[MASKED]"}
{"timestamp":"2026-07-27T16:31:35.964Z","level":"DEBUG","module":"AuthSessionCache","message":"[AuthCache] HIT","cacheKey":"[MASKED]"}
{"timestamp":"2026-07-27T16:31:36.187Z","level":"DEBUG","module":"AuthSessionCache","message":"[AuthCache] HIT","cacheKey":"[MASKED]"}
{"timestamp":"2026-07-27T16:31:37.081Z","level":"DEBUG","module":"AuthSessionCache","message":"[AuthCache] MISS","cacheKey":"[MASKED]"}
{"timestamp":"2026-07-27T16:31:37.101Z","level":"DEBUG","module":"AuthSessionCache","message":"[AuthCache] HIT","cacheKey":"[MASKED]"}
{"timestamp":"2026-07-27T16:34:45.168Z","level":"INFO","module":"Shutdown","message":"Shutting down: HTTP Server..."}
{"timestamp":"2026-07-27T16:34:45.184Z","level":"INFO","module":"Shutdown","message":"HTTP Server shut down successfully"}
{"timestamp":"2026-07-27T16:34:45.168Z","level":"INFO","module":"Shutdown","message":"Received SIGINT, starting graceful shutdown..."}
{"timestamp":"2026-07-27T16:34:45.184Z","level":"INFO","module":"Shutdown","message":"Shutting down: Prisma..."}
{"timestamp":"2026-07-27T16:34:45.185Z","level":"WARN","module":"Shutdown","message":"Shutdown already in progress, ignoring duplicate signal"}
{"timestamp":"2026-07-27T16:34:45.185Z","level":"WARN","module":"Shutdown","message":"Shutdown already in progress, ignoring duplicate signal"}
{"timestamp":"2026-07-27T16:34:45.200Z","level":"INFO","module":"Shutdown","message":"Prisma shut down successfully"}
{"timestamp":"2026-07-27T16:34:45.200Z","level":"INFO","module":"Shutdown","message":"Shutting down: Redis..."}
{"timestamp":"2026-07-27T16:34:45.223Z","level":"INFO","module":"Redis","message":"Redis disconnected"}
{"timestamp":"2026-07-27T16:34:45.223Z","level":"INFO","module":"Shutdown","message":"Redis shut down successfully"}
{"timestamp":"2026-07-27T16:34:45.223Z","level":"INFO","module":"Shutdown","message":"Shutting down: OutboxWorker..."}
{"timestamp":"2026-07-27T16:34:45.229Z","level":"INFO","module":"OutboxWorker","message":"Stopped Outbox worker."}
{"timestamp":"2026-07-27T16:34:45.229Z","level":"INFO","module":"Shutdown","message":"Shutting down: JobQueue..."}
{"timestamp":"2026-07-27T16:34:45.230Z","level":"INFO","module":"JobQueue","message":"Closing JobQueue..."}
{"timestamp":"2026-07-27T16:34:45.229Z","level":"INFO","module":"Shutdown","message":"OutboxWorker shut down successfully"}
